<html>
<body>
<pre>
<h1>礦ision Build Log</h1>
<h2>Project:</h2>
E:\new online\集成模块\TO 客户20160818\2.2\工程代码\集成串口屏测试代码（中性）带忙检测函数(PUT_VAR,GET_VAR)\SSJ 串口屏测试代码（中性）带忙检测函数\USER\uart.uvproj
Project File Date:  08/13/2016

<h2>Output:</h2>
Build target 'Target 1'
compiling main.c...
main.c(113): warning:  #223-D: function "GetValue" declared implicitly
                GetValue();
main.c(10): warning:  #177-D: variable "ret" was declared but never referenced
        unsigned char ret;
main.c(12): warning:  #177-D: variable "key" was declared but never referenced
        unsigned char key=0xff;
main.c: 3 warnings, 0 errors
linking...
Program Size: Code=7604 RO-data=800 RW-data=64 ZI-data=1104  
FromELF: creating hex file...
"..\OBJ\test.axf" - 0 Error(s), 3 Warning(s).
Load "..\\OBJ\\test.axf" 
Set JLink Project File to "E:\new online\集成模块\TO 客户20160818\2.2\工程代码\集成串口屏测试代码（中性）带忙检测函数(PUT_VAR,GET_VAR)\SSJ 串口屏测试代码（中性）带忙检测函数\USER\JLinkSettings.ini"
* JLink Info: Device "STM32F103RB" selected (128 KB flash, 20 KB RAM).
 
JLink info:
------------
DLL: V4.80g, compiled Feb 13 2014 20:50:02
Firmware: J-Link ARM V8 compiled Nov 25 2013 19:20:08
Hardware: V8.00
S/N : 304439649 
Feature(s) : RDI,FlashDL,FlashBP,JFlash,GDBFULL 
 
* JLink Info: TotalIRLen = 9, IRPrint = 0x0011
* JLink Info: TotalIRLen = 9, IRPrint = 0x0011
* JLink Info: Found Cortex-M3 r1p1, Little endian.
* JLink Info: FPUnit: 6 code (BP) slots and 2 literal slots
* JLink Info: TPIU fitted.
* JLink Info: ETM fitted.
ROMTableAddr = 0xE00FF003
 
Target info:
------------
Device: STM32F103RB
VTarget = 3.274V
State of Pins: 
TCK: 1, TDI: 0, TDO: 1, TMS: 0, TRES: 1, TRST: 1
Hardware-Breakpoints: 6
Software-Breakpoints: 8192
Watchpoints:          4
JTAG speed: 2000 kHz
 
Erase Done.
Programming Done.
Verify OK.
</pre>
</body>
</html>
3 19:20:08
Hardware: V8.00
S/N : 304439649 
Feature(s) : RDI,FlashDL,FlashBP,JFlash,GDBFULL 
 
* JLink Info: TotalIRLen = 9, IRPrint = 0x0011
* JLink Info: TotalIRLen = 9, IRPrint = 0x0011
* JLink Info: Found Cortex-M3 r1p1, Little endian.
* JLink Info: FPUnit: 6 code (BP) slots and 2 literal slots
* JLink Info: TPIU fitted.
* JLink Info: ETM fitted.
ROMTableAddr = 0xE00FF003
 
Target info:
------------
Device: STM32F103RB
VTarget = 3.274V
State of Pins: 
TCK: 1, TDI: 0, TDO: 1, TMS: 0, TRES: 1, TRST: 1
Hardware-Breakpoints: 6
Software-Breakpoints: 8192
Watchpoints:          4
JTAG speed: 2000 kHz
 
Erase Done.
Programming Done.
Verify OK.
