<html>
<body>
<pre>
<h1>礦ision Build Log</h1>
<h2>Project:</h2>
E:\new online\衣口田（刘工）山东潍坊\作为host发送，测试用\USER\uart.uvproj
Project File Date:  07/29/2016

<h2>Output:</h2>
Build target 'Target 1'
compiling main.c...
linking...
Program Size: Code=3948 RO-data=964 RW-data=48 ZI-data=2656  
FromELF: creating hex file...
"..\OBJ\test.axf" - 0 Error(s), 0 Warning(s).
</pre>
</body>
</html>
.c...
linking...
Program Size: Code=3948 RO-data=964 RW-data=48 ZI-data=2656  
FromELF: creating hex file...
"..\OBJ\test.axf" - 0 Error(s), 1 Warning(s).
ling stm32f10x_rcc.c...
compiling stm32f10x_usart.c...
compiling stm32f10x_exti.c...
linking...
Program Size: Code=3948 RO-data=964 RW-data=48 ZI-data=2656  
FromELF: creating hex file...
"..\OBJ\test.axf" - 0 Error(s), 1 Warning(s).

